Archive member included because of file (symbol)

c:/winavr-20100110/bin/../lib/gcc/avr/4.3.3/avr5\libgcc.a(_exit.o)
                              c:/winavr-20100110/bin/../lib/gcc/avr/4.3.3/../../../../avr/lib/avr5/crtm32.o (exit)
c:/winavr-20100110/bin/../lib/gcc/avr/4.3.3/avr5\libgcc.a(_clear_bss.o)
                              ./Timer_program.o (__do_clear_bss)

Allocating common symbols
Common symbol       size              file

Timer2_ovfCallback  0x2               ./Timer_program.o
Timer0_CTCCallback  0x2               ./Timer_program.o
Timer2_CTCCallback  0x2               ./Timer_program.o
Timer0_ovfCallback  0x2               ./Timer_program.o

Memory Configuration

Name             Origin             Length             Attributes
text             0x00000000         0x00020000         xr
data             0x00800060         0x0000ffa0         rw !x
eeprom           0x00810000         0x00010000         rw !x
fuse             0x00820000         0x00000400         rw !x
lock             0x00830000         0x00000400         rw !x
signature        0x00840000         0x00000400         rw !x
*default*        0x00000000         0xffffffff

Linker script and memory map

LOAD c:/winavr-20100110/bin/../lib/gcc/avr/4.3.3/../../../../avr/lib/avr5/crtm32.o
LOAD ./DIO_program.o
LOAD ./Interrupt_program.o
LOAD ./LED_program.o
LOAD ./Timer_program.o
LOAD ./main.o
LOAD c:/winavr-20100110/bin/../lib/gcc/avr/4.3.3/avr5\libgcc.a
LOAD c:/winavr-20100110/bin/../lib/gcc/avr/4.3.3/../../../../avr/lib/avr5\libc.a
LOAD c:/winavr-20100110/bin/../lib/gcc/avr/4.3.3/avr5\libgcc.a

.hash
 *(.hash)

.dynsym
 *(.dynsym)

.dynstr
 *(.dynstr)

.gnu.version
 *(.gnu.version)

.gnu.version_d
 *(.gnu.version_d)

.gnu.version_r
 *(.gnu.version_r)

.rel.init
 *(.rel.init)

.rela.init
 *(.rela.init)

.rel.text
 *(.rel.text)
 *(.rel.text.*)
 *(.rel.gnu.linkonce.t*)

.rela.text
 *(.rela.text)
 *(.rela.text.*)
 *(.rela.gnu.linkonce.t*)

.rel.fini
 *(.rel.fini)

.rela.fini
 *(.rela.fini)

.rel.rodata
 *(.rel.rodata)
 *(.rel.rodata.*)
 *(.rel.gnu.linkonce.r*)

.rela.rodata
 *(.rela.rodata)
 *(.rela.rodata.*)
 *(.rela.gnu.linkonce.r*)

.rel.data
 *(.rel.data)
 *(.rel.data.*)
 *(.rel.gnu.linkonce.d*)

.rela.data
 *(.rela.data)
 *(.rela.data.*)
 *(.rela.gnu.linkonce.d*)

.rel.ctors
 *(.rel.ctors)

.rela.ctors
 *(.rela.ctors)

.rel.dtors
 *(.rel.dtors)

.rela.dtors
 *(.rela.dtors)

.rel.got
 *(.rel.got)

.rela.got
 *(.rela.got)

.rel.bss
 *(.rel.bss)

.rela.bss
 *(.rela.bss)

.rel.plt
 *(.rel.plt)

.rela.plt
 *(.rela.plt)

.text           0x00000000     0x1244
 *(.vectors)
 .vectors       0x00000000       0x54 c:/winavr-20100110/bin/../lib/gcc/avr/4.3.3/../../../../avr/lib/avr5/crtm32.o
                0x00000000                __vectors
                0x00000000                __vector_default
 *(.vectors)
 *(.progmem.gcc*)
 *(.progmem*)
                0x00000054                . = ALIGN (0x2)
                0x00000054                __trampolines_start = .
 *(.trampolines)
 .trampolines   0x00000054        0x0 linker stubs
 *(.trampolines*)
                0x00000054                __trampolines_end = .
 *(.jumptables)
 *(.jumptables*)
 *(.lowtext)
 *(.lowtext*)
                0x00000054                __ctors_start = .
 *(.ctors)
                0x00000054                __ctors_end = .
                0x00000054                __dtors_start = .
 *(.dtors)
                0x00000054                __dtors_end = .
 SORT(*)(.ctors)
 SORT(*)(.dtors)
 *(.init0)
 .init0         0x00000054        0x0 c:/winavr-20100110/bin/../lib/gcc/avr/4.3.3/../../../../avr/lib/avr5/crtm32.o
                0x00000054                __init
 *(.init0)
 *(.init1)
 *(.init1)
 *(.init2)
 .init2         0x00000054        0xc c:/winavr-20100110/bin/../lib/gcc/avr/4.3.3/../../../../avr/lib/avr5/crtm32.o
 *(.init2)
 *(.init3)
 *(.init3)
 *(.init4)
 .init4         0x00000060       0x10 c:/winavr-20100110/bin/../lib/gcc/avr/4.3.3/avr5\libgcc.a(_clear_bss.o)
                0x00000060                __do_clear_bss
 *(.init4)
 *(.init5)
 *(.init5)
 *(.init6)
 *(.init6)
 *(.init7)
 *(.init7)
 *(.init8)
 *(.init8)
 *(.init9)
 .init9         0x00000070        0x8 c:/winavr-20100110/bin/../lib/gcc/avr/4.3.3/../../../../avr/lib/avr5/crtm32.o
 *(.init9)
 *(.text)
 .text          0x00000078        0x4 c:/winavr-20100110/bin/../lib/gcc/avr/4.3.3/../../../../avr/lib/avr5/crtm32.o
                0x00000078                __vector_1
                0x00000078                __vector_12
                0x00000078                __bad_interrupt
                0x00000078                __vector_6
                0x00000078                __vector_3
                0x00000078                __vector_13
                0x00000078                __vector_17
                0x00000078                __vector_19
                0x00000078                __vector_7
                0x00000078                __vector_9
                0x00000078                __vector_2
                0x00000078                __vector_15
                0x00000078                __vector_8
                0x00000078                __vector_14
                0x00000078                __vector_16
                0x00000078                __vector_18
                0x00000078                __vector_20
 .text          0x0000007c        0x0 ./DIO_program.o
 .text          0x0000007c        0x0 ./Interrupt_program.o
 .text          0x0000007c        0x0 ./LED_program.o
 .text          0x0000007c        0x0 ./Timer_program.o
 .text          0x0000007c        0x0 ./main.o
 .text          0x0000007c        0x0 c:/winavr-20100110/bin/../lib/gcc/avr/4.3.3/avr5\libgcc.a(_exit.o)
 .text          0x0000007c        0x0 c:/winavr-20100110/bin/../lib/gcc/avr/4.3.3/avr5\libgcc.a(_clear_bss.o)
                0x0000007c                . = ALIGN (0x2)
 *(.text.*)
 .text.DIO_SetPinDircection
                0x0000007c      0x3dc ./DIO_program.o
                0x0000007c                DIO_SetPinDircection
 .text.DIO_SetPortDirection
                0x00000458      0x11a ./DIO_program.o
                0x00000458                DIO_SetPortDirection
 .text.DIO_SetPinValue
                0x00000572      0x242 ./DIO_program.o
                0x00000572                DIO_SetPinValue
 .text.DIO_SetPortValue
                0x000007b4       0xa0 ./DIO_program.o
                0x000007b4                DIO_SetPortValue
 .text.DIO_GetPinVal
                0x00000854      0x132 ./DIO_program.o
                0x00000854                DIO_GetPinVal
 .text.DIO_TogglePin
                0x00000986      0x124 ./DIO_program.o
                0x00000986                DIO_TogglePin
 .text.GlobalInerruptEnable
                0x00000aaa       0x1c ./Interrupt_program.o
                0x00000aaa                GlobalInerruptEnable
 .text.LED_Init
                0x00000ac6       0x38 ./LED_program.o
                0x00000ac6                LED_Init
 .text.LED_ON   0x00000afe       0x38 ./LED_program.o
                0x00000afe                LED_ON
 .text.LED_OFF  0x00000b36       0x38 ./LED_program.o
                0x00000b36                LED_OFF
 .text.LED_TOGGLE
                0x00000b6e       0x36 ./LED_program.o
                0x00000b6e                LED_TOGGLE
 .text.Timer0_Init
                0x00000ba4       0x70 ./Timer_program.o
                0x00000ba4                Timer0_Init
 .text.Timer0_GetValue
                0x00000c14       0x2a ./Timer_program.o
                0x00000c14                Timer0_GetValue
 .text.Timer0_Stop
                0x00000c3e       0x38 ./Timer_program.o
                0x00000c3e                Timer0_Stop
 .text.Timer0_SetCTC
                0x00000c76       0x1c ./Timer_program.o
                0x00000c76                Timer0_SetCTC
 .text.Timer0_SetovfFlag
                0x00000c92       0x1c ./Timer_program.o
                0x00000c92                Timer0_SetovfFlag
 .text.Timer0_CheckovfFlag
                0x00000cae       0x26 ./Timer_program.o
                0x00000cae                Timer0_CheckovfFlag
 .text.Timer0_SetCTCFlag
                0x00000cd4       0x1c ./Timer_program.o
                0x00000cd4                Timer0_SetCTCFlag
 .text.Timer0_CheckCTCFlag
                0x00000cf0       0x28 ./Timer_program.o
                0x00000cf0                Timer0_CheckCTCFlag
 .text.Timer0_Start
                0x00000d18       0x1c ./Timer_program.o
                0x00000d18                Timer0_Start
 .text.Timer0_SetBusyWait
                0x00000d34       0x6a ./Timer_program.o
                0x00000d34                Timer0_SetBusyWait
 .text.Timer0_OvfISR
                0x00000d9e       0x24 ./Timer_program.o
                0x00000d9e                Timer0_OvfISR
 .text.__vector_11
                0x00000dc2       0x5a ./Timer_program.o
                0x00000dc2                __vector_11
 .text.Timer0_CTCISR
                0x00000e1c       0x24 ./Timer_program.o
                0x00000e1c                Timer0_CTCISR
 .text.__vector_10
                0x00000e40       0x5a ./Timer_program.o
                0x00000e40                __vector_10
 .text.Timer2_Init
                0x00000e9a       0x70 ./Timer_program.o
                0x00000e9a                Timer2_Init
 .text.Timer2_GetValue
                0x00000f0a       0x2a ./Timer_program.o
                0x00000f0a                Timer2_GetValue
 .text.Timer2_Stop
                0x00000f34       0x38 ./Timer_program.o
                0x00000f34                Timer2_Stop
 .text.Timer2_SetCTC
                0x00000f6c       0x1c ./Timer_program.o
                0x00000f6c                Timer2_SetCTC
 .text.Timer2_SetovfFlag
                0x00000f88       0x1c ./Timer_program.o
                0x00000f88                Timer2_SetovfFlag
 .text.Timer2_CheckovfFlag
                0x00000fa4       0x2e ./Timer_program.o
                0x00000fa4                Timer2_CheckovfFlag
 .text.Timer2_SetCTCFlag
                0x00000fd2       0x1c ./Timer_program.o
                0x00000fd2                Timer2_SetCTCFlag
 .text.Timer2_CheckCTCFlag
                0x00000fee       0x2a ./Timer_program.o
                0x00000fee                Timer2_CheckCTCFlag
 .text.Timer2_Start
                0x00001018       0x1c ./Timer_program.o
                0x00001018                Timer2_Start
 .text.Timer2_SetBusyWait
                0x00001034       0x6a ./Timer_program.o
                0x00001034                Timer2_SetBusyWait
 .text.Timer2_OvfISR
                0x0000109e       0x24 ./Timer_program.o
                0x0000109e                Timer2_OvfISR
 .text.__vector_5
                0x000010c2       0x5a ./Timer_program.o
                0x000010c2                __vector_5
 .text.Timer2_CTCISR
                0x0000111c       0x24 ./Timer_program.o
                0x0000111c                Timer2_CTCISR
 .text.__vector_4
                0x00001140       0x5a ./Timer_program.o
                0x00001140                __vector_4
 .text.Test1    0x0000119a       0x4a ./main.o
                0x0000119a                Test1
 .text.main     0x000011e4       0x5c ./main.o
                0x000011e4                main
 .text.libgcc   0x00001240        0x0 c:/winavr-20100110/bin/../lib/gcc/avr/4.3.3/avr5\libgcc.a(_exit.o)
 .text.libgcc   0x00001240        0x0 c:/winavr-20100110/bin/../lib/gcc/avr/4.3.3/avr5\libgcc.a(_clear_bss.o)
                0x00001240                . = ALIGN (0x2)
 *(.fini9)
 .fini9         0x00001240        0x0 c:/winavr-20100110/bin/../lib/gcc/avr/4.3.3/avr5\libgcc.a(_exit.o)
                0x00001240                exit
                0x00001240                _exit
 *(.fini9)
 *(.fini8)
 *(.fini8)
 *(.fini7)
 *(.fini7)
 *(.fini6)
 *(.fini6)
 *(.fini5)
 *(.fini5)
 *(.fini4)
 *(.fini4)
 *(.fini3)
 *(.fini3)
 *(.fini2)
 *(.fini2)
 *(.fini1)
 *(.fini1)
 *(.fini0)
 .fini0         0x00001240        0x4 c:/winavr-20100110/bin/../lib/gcc/avr/4.3.3/avr5\libgcc.a(_exit.o)
 *(.fini0)
                0x00001244                _etext = .

.data           0x00800060        0x0 load address 0x00001244
                0x00800060                PROVIDE (__data_start, .)
 *(.data)
 .data          0x00800060        0x0 c:/winavr-20100110/bin/../lib/gcc/avr/4.3.3/../../../../avr/lib/avr5/crtm32.o
 .data          0x00800060        0x0 ./DIO_program.o
 .data          0x00800060        0x0 ./Interrupt_program.o
 .data          0x00800060        0x0 ./LED_program.o
 .data          0x00800060        0x0 ./Timer_program.o
 .data          0x00800060        0x0 ./main.o
 .data          0x00800060        0x0 c:/winavr-20100110/bin/../lib/gcc/avr/4.3.3/avr5\libgcc.a(_exit.o)
 .data          0x00800060        0x0 c:/winavr-20100110/bin/../lib/gcc/avr/4.3.3/avr5\libgcc.a(_clear_bss.o)
 *(.data*)
 *(.rodata)
 *(.rodata*)
 *(.gnu.linkonce.d*)
                0x00800060                . = ALIGN (0x2)
                0x00800060                _edata = .
                0x00800060                PROVIDE (__data_end, .)

.bss            0x00800060        0x9
                0x00800060                PROVIDE (__bss_start, .)
 *(.bss)
 .bss           0x00800060        0x0 c:/winavr-20100110/bin/../lib/gcc/avr/4.3.3/../../../../avr/lib/avr5/crtm32.o
 .bss           0x00800060        0x0 ./DIO_program.o
 .bss           0x00800060        0x0 ./Interrupt_program.o
 .bss           0x00800060        0x0 ./LED_program.o
 .bss           0x00800060        0x0 ./Timer_program.o
 .bss           0x00800060        0x0 ./main.o
 .bss           0x00800060        0x0 c:/winavr-20100110/bin/../lib/gcc/avr/4.3.3/avr5\libgcc.a(_exit.o)
 .bss           0x00800060        0x0 c:/winavr-20100110/bin/../lib/gcc/avr/4.3.3/avr5\libgcc.a(_clear_bss.o)
 *(.bss*)
 .bss.count     0x00800060        0x1 ./main.o
                0x00800060                count
 *(COMMON)
 COMMON         0x00800061        0x8 ./Timer_program.o
                0x00800061                Timer2_ovfCallback
                0x00800063                Timer0_CTCCallback
                0x00800065                Timer2_CTCCallback
                0x00800067                Timer0_ovfCallback
                0x00800069                PROVIDE (__bss_end, .)
                0x00001244                __data_load_start = LOADADDR (.data)
                0x00001244                __data_load_end = (__data_load_start + SIZEOF (.data))

.noinit         0x00800069        0x0
                0x00800069                PROVIDE (__noinit_start, .)
 *(.noinit*)
                0x00800069                PROVIDE (__noinit_end, .)
                0x00800069                _end = .
                0x00800069                PROVIDE (__heap_start, .)

.eeprom         0x00810000        0x0
 *(.eeprom*)
                0x00810000                __eeprom_end = .

.fuse
 *(.fuse)
 *(.lfuse)
 *(.hfuse)
 *(.efuse)

.lock
 *(.lock*)

.signature
 *(.signature*)

.stab           0x00000000     0x1860
 *(.stab)
 .stab          0x00000000      0x918 ./DIO_program.o
 .stab          0x00000918      0x114 ./Interrupt_program.o
                                0x1b0 (size before relaxing)
 .stab          0x00000a2c      0x294 ./LED_program.o
                                0x330 (size before relaxing)
 .stab          0x00000cc0      0x954 ./Timer_program.o
                                0x9f0 (size before relaxing)
 .stab          0x00001614      0x24c ./main.o
                                0x2e8 (size before relaxing)

.stabstr        0x00000000      0x943
 *(.stabstr)
 .stabstr       0x00000000      0x943 ./DIO_program.o

.stab.excl
 *(.stab.excl)

.stab.exclstr
 *(.stab.exclstr)

.stab.index
 *(.stab.index)

.stab.indexstr
 *(.stab.indexstr)

.comment
 *(.comment)

.debug
 *(.debug)

.line
 *(.line)

.debug_srcinfo
 *(.debug_srcinfo)

.debug_sfnames
 *(.debug_sfnames)

.debug_aranges
 *(.debug_aranges)

.debug_pubnames
 *(.debug_pubnames)

.debug_info
 *(.debug_info)
 *(.gnu.linkonce.wi.*)

.debug_abbrev
 *(.debug_abbrev)

.debug_line
 *(.debug_line)

.debug_frame
 *(.debug_frame)

.debug_str
 *(.debug_str)

.debug_loc
 *(.debug_loc)

.debug_macinfo
 *(.debug_macinfo)
OUTPUT(Timer_test.elf elf32-avr)
LOAD linker stubs
